2026-05-28 19:57:54,281 INFO phase1_harmbench: run_dir: /Users/anshulsinghle/safe_ai/mech-security/artifacts/runs/phase1_harmbench/20260528-195754 | scorer=dual_judge extract=L13 n_prompts=all
WARNING:root:float16 models may not work on CPU. Consider using a GPU or bfloat16.
WARNING:root:You tried to specify center_unembed=True for a model using logit softcap, but this can't be done! Softcapping is not invariant upon adding a constant Setting center_unembed=False instead.
Loading weights:   0%|          | 0/288 [00:00<?, ?it/s]Loading weights:   0%|          | 1/288 [00:03<17:00,  3.56s/it]Loading weights:  77%|███████▋  | 223/288 [00:03<00:00, 84.12it/s]Loading weights: 100%|██████████| 288/288 [00:04<00:00, 62.78it/s]
WARNING:root:With reduced precision, it is advised to use `from_pretrained_no_processing` instead of `from_pretrained`.
2026-05-28 19:58:21,012 INFO phase1_harmbench: model: gemma-2-2b-it | device=mps
INFO:phase1_harmbench:model: gemma-2-2b-it | device=mps
2026-05-28 19:58:21,014 INFO phase1_harmbench: extracting d_hat at L13 from AdvBench (150/150) ...
INFO:phase1_harmbench:extracting d_hat at L13 from AdvBench (150/150) ...
2026-05-28 19:58:21,018 INFO phase1_harmbench: d_hat extracted | scale_at_extract = 105.17
INFO:phase1_harmbench:d_hat extracted | scale_at_extract = 105.17
2026-05-28 19:58:21,019 INFO phase1_harmbench: loading HarmBench ...
INFO:phase1_harmbench:loading HarmBench ...
2026-05-28 19:58:21,022 INFO phase1_harmbench: loaded HarmBench: 200 rows of functional_category=standard (semantic categories: ['chemical_biological', 'cybercrime_intrusion', 'harassment_bullying', 'harmful', 'illegal', 'misinformation_disinformation'])
INFO:phase1_harmbench:loaded HarmBench: 200 rows of functional_category=standard (semantic categories: ['chemical_biological', 'cybercrime_intrusion', 'harassment_bullying', 'harmful', 'illegal', 'misinformation_disinformation'])
2026-05-28 19:58:21,022 INFO phase1_harmbench: HarmBench rows: 200 | unique categories: ['chemical_biological', 'cybercrime_intrusion', 'harassment_bullying', 'harmful', 'illegal', 'misinformation_disinformation']
INFO:phase1_harmbench:HarmBench rows: 200 | unique categories: ['chemical_biological', 'cybercrime_intrusion', 'harassment_bullying', 'harmful', 'illegal', 'misinformation_disinformation']
2026-05-28 19:58:21,022 INFO phase1_harmbench: [1/3] baseline (no hook) generations on n=200 ...
INFO:phase1_harmbench:[1/3] baseline (no hook) generations on n=200 ...
2026-05-28 21:11:40,828 INFO phase1_harmbench: [2/3] ablated (d_hat) generations on n=200 ...
INFO:phase1_harmbench:[2/3] ablated (d_hat) generations on n=200 ...
