2026-05-25 16:40:37,978 INFO phase1_step3b: run_dir: /Users/anshulsinghle/safe_ai/mech-security/artifacts/runs/phase1_step3b/20260525-164037 | extract_layer=L13 | n_test=10
WARNING:root:float16 models may not work on CPU. Consider using a GPU or bfloat16.
WARNING:root:You tried to specify center_unembed=True for a model using logit softcap, but this can't be done! Softcapping is not invariant upon adding a constant Setting center_unembed=False instead.
Loading weights:   0%|          | 0/288 [00:00<?, ?it/s]Loading weights:   0%|          | 1/288 [00:01<09:08,  1.91s/it]Loading weights:  81%|████████▏ | 234/288 [00:02<00:00, 154.37it/s]Loading weights: 100%|██████████| 288/288 [00:02<00:00, 105.54it/s]
WARNING:root:With reduced precision, it is advised to use `from_pretrained_no_processing` instead of `from_pretrained`.
2026-05-25 16:40:59,333 INFO phase1_step3b: model: gemma-2-2b-it | device=mps
INFO:phase1_step3b:model: gemma-2-2b-it | device=mps
2026-05-25 16:40:59,335 INFO phase1_step3b: train: 150/140 | test: 10 harmless prompts
INFO:phase1_step3b:train: 150/140 | test: 10 harmless prompts
2026-05-25 16:40:59,335 INFO phase1_step3b: caching residuals to extract d_hat at L13 ...
INFO:phase1_step3b:caching residuals to extract d_hat at L13 ...
2026-05-25 16:40:59,406 INFO phase1_step3b: d_hat extracted | train harmful mean=110.1, harmless mean=4.9, natural scale=105.2
INFO:phase1_step3b:d_hat extracted | train harmful mean=110.1, harmless mean=4.9, natural scale=105.2
2026-05-25 16:40:59,406 INFO phase1_step3b: coefficient multiples [0.03, 0.1, 0.3, 1.0, 3.0, 10.0, 30.0] → absolute [3.16, 10.52, 31.56, 105.2, 315.6, 1052.0, 3156.01]
INFO:phase1_step3b:coefficient multiples [0.03, 0.1, 0.3, 1.0, 3.0, 10.0, 30.0] → absolute [3.16, 10.52, 31.56, 105.2, 315.6, 1052.0, 3156.01]
2026-05-25 16:40:59,406 INFO phase1_step3b: generating baseline (no hook) on n=10 harmless...
INFO:phase1_step3b:generating baseline (no hook) on n=10 harmless...
2026-05-25 16:42:44,423 INFO phase1_step3b: baseline_harmless: refusal=0.00, p50_chars=398
INFO:phase1_step3b:baseline_harmless: refusal=0.00, p50_chars=398
2026-05-25 16:42:44,423 INFO phase1_step3b: sweep cell: L=3 coeff=3.2 ...
INFO:phase1_step3b:sweep cell: L=3 coeff=3.2 ...
2026-05-25 16:45:42,554 INFO phase1_step3b:     refusal=0.00 (0/10), p50=416, Δ=+0.00, c4_pass=False
INFO:phase1_step3b:    refusal=0.00 (0/10), p50=416, Δ=+0.00, c4_pass=False
2026-05-25 16:45:42,554 INFO phase1_step3b: sweep cell: L=3 coeff=10.5 ...
INFO:phase1_step3b:sweep cell: L=3 coeff=10.5 ...
2026-05-25 16:48:19,262 INFO phase1_step3b:     refusal=0.00 (0/10), p50=421, Δ=+0.00, c4_pass=False
INFO:phase1_step3b:    refusal=0.00 (0/10), p50=421, Δ=+0.00, c4_pass=False
2026-05-25 16:48:19,262 INFO phase1_step3b: sweep cell: L=3 coeff=31.6 ...
INFO:phase1_step3b:sweep cell: L=3 coeff=31.6 ...
2026-05-25 16:50:45,279 INFO phase1_step3b:     refusal=0.00 (0/10), p50=425, Δ=+0.00, c4_pass=False
INFO:phase1_step3b:    refusal=0.00 (0/10), p50=425, Δ=+0.00, c4_pass=False
2026-05-25 16:50:45,279 INFO phase1_step3b: sweep cell: L=3 coeff=105.2 ...
INFO:phase1_step3b:sweep cell: L=3 coeff=105.2 ...
2026-05-25 16:53:10,611 INFO phase1_step3b:     refusal=1.00 (10/10), p50=407, Δ=+1.00, c4_pass=True
INFO:phase1_step3b:    refusal=1.00 (10/10), p50=407, Δ=+1.00, c4_pass=True
2026-05-25 16:53:10,611 INFO phase1_step3b: sweep cell: L=3 coeff=315.6 ...
INFO:phase1_step3b:sweep cell: L=3 coeff=315.6 ...
2026-05-25 16:55:49,008 INFO phase1_step3b:     refusal=0.40 (4/10), p50=308, Δ=+0.40, c4_pass=True
INFO:phase1_step3b:    refusal=0.40 (4/10), p50=308, Δ=+0.40, c4_pass=True
2026-05-25 16:55:49,008 INFO phase1_step3b: sweep cell: L=3 coeff=1052.0 ...
INFO:phase1_step3b:sweep cell: L=3 coeff=1052.0 ...
2026-05-25 16:58:27,384 INFO phase1_step3b:     refusal=0.00 (0/10), p50=575, Δ=+0.00, c4_pass=False
INFO:phase1_step3b:    refusal=0.00 (0/10), p50=575, Δ=+0.00, c4_pass=False
2026-05-25 16:58:27,384 INFO phase1_step3b: sweep cell: L=3 coeff=3156.0 ...
INFO:phase1_step3b:sweep cell: L=3 coeff=3156.0 ...
2026-05-25 17:01:03,070 INFO phase1_step3b:     refusal=0.00 (0/10), p50=767, Δ=+0.00, c4_pass=False
INFO:phase1_step3b:    refusal=0.00 (0/10), p50=767, Δ=+0.00, c4_pass=False
2026-05-25 17:01:03,070 INFO phase1_step3b: sweep cell: L=7 coeff=3.2 ...
INFO:phase1_step3b:sweep cell: L=7 coeff=3.2 ...
2026-05-25 17:03:32,686 INFO phase1_step3b:     refusal=0.00 (0/10), p50=414, Δ=+0.00, c4_pass=False
INFO:phase1_step3b:    refusal=0.00 (0/10), p50=414, Δ=+0.00, c4_pass=False
2026-05-25 17:03:32,686 INFO phase1_step3b: sweep cell: L=7 coeff=10.5 ...
INFO:phase1_step3b:sweep cell: L=7 coeff=10.5 ...
2026-05-25 17:05:53,590 INFO phase1_step3b:     refusal=0.00 (0/10), p50=398, Δ=+0.00, c4_pass=False
INFO:phase1_step3b:    refusal=0.00 (0/10), p50=398, Δ=+0.00, c4_pass=False
2026-05-25 17:05:53,590 INFO phase1_step3b: sweep cell: L=7 coeff=31.6 ...
INFO:phase1_step3b:sweep cell: L=7 coeff=31.6 ...
2026-05-25 17:08:18,614 INFO phase1_step3b:     refusal=0.10 (1/10), p50=413, Δ=+0.10, c4_pass=False
INFO:phase1_step3b:    refusal=0.10 (1/10), p50=413, Δ=+0.10, c4_pass=False
2026-05-25 17:08:18,614 INFO phase1_step3b: sweep cell: L=7 coeff=105.2 ...
INFO:phase1_step3b:sweep cell: L=7 coeff=105.2 ...
2026-05-25 17:10:39,206 INFO phase1_step3b:     refusal=1.00 (10/10), p50=404, Δ=+1.00, c4_pass=True
INFO:phase1_step3b:    refusal=1.00 (10/10), p50=404, Δ=+1.00, c4_pass=True
2026-05-25 17:10:39,206 INFO phase1_step3b: sweep cell: L=7 coeff=315.6 ...
INFO:phase1_step3b:sweep cell: L=7 coeff=315.6 ...
2026-05-25 17:13:00,844 INFO phase1_step3b:     refusal=0.00 (0/10), p50=191, Δ=+0.00, c4_pass=False
INFO:phase1_step3b:    refusal=0.00 (0/10), p50=191, Δ=+0.00, c4_pass=False
2026-05-25 17:13:00,844 INFO phase1_step3b: sweep cell: L=7 coeff=1052.0 ...
INFO:phase1_step3b:sweep cell: L=7 coeff=1052.0 ...
2026-05-25 17:15:21,874 INFO phase1_step3b:     refusal=0.00 (0/10), p50=575, Δ=+0.00, c4_pass=False
INFO:phase1_step3b:    refusal=0.00 (0/10), p50=575, Δ=+0.00, c4_pass=False
2026-05-25 17:15:21,874 INFO phase1_step3b: sweep cell: L=7 coeff=3156.0 ...
INFO:phase1_step3b:sweep cell: L=7 coeff=3156.0 ...
2026-05-25 17:17:37,899 INFO phase1_step3b:     refusal=0.00 (0/10), p50=767, Δ=+0.00, c4_pass=False
INFO:phase1_step3b:    refusal=0.00 (0/10), p50=767, Δ=+0.00, c4_pass=False
2026-05-25 17:17:37,899 INFO phase1_step3b: sweep cell: L=10 coeff=3.2 ...
INFO:phase1_step3b:sweep cell: L=10 coeff=3.2 ...
2026-05-25 17:19:50,642 INFO phase1_step3b:     refusal=0.00 (0/10), p50=406, Δ=+0.00, c4_pass=False
INFO:phase1_step3b:    refusal=0.00 (0/10), p50=406, Δ=+0.00, c4_pass=False
2026-05-25 17:19:50,642 INFO phase1_step3b: sweep cell: L=10 coeff=10.5 ...
INFO:phase1_step3b:sweep cell: L=10 coeff=10.5 ...
2026-05-25 17:22:03,376 INFO phase1_step3b:     refusal=0.00 (0/10), p50=411, Δ=+0.00, c4_pass=False
INFO:phase1_step3b:    refusal=0.00 (0/10), p50=411, Δ=+0.00, c4_pass=False
2026-05-25 17:22:03,376 INFO phase1_step3b: sweep cell: L=10 coeff=31.6 ...
INFO:phase1_step3b:sweep cell: L=10 coeff=31.6 ...
2026-05-25 17:24:17,664 INFO phase1_step3b:     refusal=0.40 (4/10), p50=428, Δ=+0.40, c4_pass=True
INFO:phase1_step3b:    refusal=0.40 (4/10), p50=428, Δ=+0.40, c4_pass=True
2026-05-25 17:24:17,664 INFO phase1_step3b: sweep cell: L=10 coeff=105.2 ...
INFO:phase1_step3b:sweep cell: L=10 coeff=105.2 ...
2026-05-25 17:26:32,710 INFO phase1_step3b:     refusal=1.00 (10/10), p50=437, Δ=+1.00, c4_pass=True
INFO:phase1_step3b:    refusal=1.00 (10/10), p50=437, Δ=+1.00, c4_pass=True
2026-05-25 17:26:32,710 INFO phase1_step3b: sweep cell: L=10 coeff=315.6 ...
INFO:phase1_step3b:sweep cell: L=10 coeff=315.6 ...
2026-05-25 17:28:45,358 INFO phase1_step3b:     refusal=0.00 (0/10), p50=172, Δ=+0.00, c4_pass=False
INFO:phase1_step3b:    refusal=0.00 (0/10), p50=172, Δ=+0.00, c4_pass=False
2026-05-25 17:28:45,358 INFO phase1_step3b: sweep cell: L=10 coeff=1052.0 ...
INFO:phase1_step3b:sweep cell: L=10 coeff=1052.0 ...
2026-05-25 17:30:56,075 INFO phase1_step3b:     refusal=0.00 (0/10), p50=575, Δ=+0.00, c4_pass=False
INFO:phase1_step3b:    refusal=0.00 (0/10), p50=575, Δ=+0.00, c4_pass=False
2026-05-25 17:30:56,075 INFO phase1_step3b: sweep cell: L=10 coeff=3156.0 ...
INFO:phase1_step3b:sweep cell: L=10 coeff=3156.0 ...
2026-05-25 17:33:03,192 INFO phase1_step3b:     refusal=0.00 (0/10), p50=767, Δ=+0.00, c4_pass=False
INFO:phase1_step3b:    refusal=0.00 (0/10), p50=767, Δ=+0.00, c4_pass=False
2026-05-25 17:33:03,192 INFO phase1_step3b: sweep cell: L=13 coeff=3.2 ...
INFO:phase1_step3b:sweep cell: L=13 coeff=3.2 ...
2026-05-25 17:35:10,457 INFO phase1_step3b:     refusal=0.00 (0/10), p50=404, Δ=+0.00, c4_pass=False
INFO:phase1_step3b:    refusal=0.00 (0/10), p50=404, Δ=+0.00, c4_pass=False
2026-05-25 17:35:10,457 INFO phase1_step3b: sweep cell: L=13 coeff=10.5 ...
INFO:phase1_step3b:sweep cell: L=13 coeff=10.5 ...
2026-05-25 17:37:15,243 INFO phase1_step3b:     refusal=0.00 (0/10), p50=408, Δ=+0.00, c4_pass=False
INFO:phase1_step3b:    refusal=0.00 (0/10), p50=408, Δ=+0.00, c4_pass=False
2026-05-25 17:37:15,243 INFO phase1_step3b: sweep cell: L=13 coeff=31.6 ...
INFO:phase1_step3b:sweep cell: L=13 coeff=31.6 ...
2026-05-25 17:39:20,769 INFO phase1_step3b:     refusal=0.00 (0/10), p50=405, Δ=+0.00, c4_pass=False
INFO:phase1_step3b:    refusal=0.00 (0/10), p50=405, Δ=+0.00, c4_pass=False
2026-05-25 17:39:20,769 INFO phase1_step3b: sweep cell: L=13 coeff=105.2 ...
INFO:phase1_step3b:sweep cell: L=13 coeff=105.2 ...
2026-05-25 17:41:24,228 INFO phase1_step3b:     refusal=1.00 (10/10), p50=464, Δ=+1.00, c4_pass=True
INFO:phase1_step3b:    refusal=1.00 (10/10), p50=464, Δ=+1.00, c4_pass=True
2026-05-25 17:41:24,228 INFO phase1_step3b: sweep cell: L=13 coeff=315.6 ...
INFO:phase1_step3b:sweep cell: L=13 coeff=315.6 ...
2026-05-25 17:43:29,235 INFO phase1_step3b:     refusal=0.80 (8/10), p50=274, Δ=+0.80, c4_pass=True
INFO:phase1_step3b:    refusal=0.80 (8/10), p50=274, Δ=+0.80, c4_pass=True
2026-05-25 17:43:29,235 INFO phase1_step3b: sweep cell: L=13 coeff=1052.0 ...
INFO:phase1_step3b:sweep cell: L=13 coeff=1052.0 ...
2026-05-25 17:45:32,847 INFO phase1_step3b:     refusal=0.00 (0/10), p50=575, Δ=+0.00, c4_pass=False
INFO:phase1_step3b:    refusal=0.00 (0/10), p50=575, Δ=+0.00, c4_pass=False
2026-05-25 17:45:32,847 INFO phase1_step3b: sweep cell: L=13 coeff=3156.0 ...
INFO:phase1_step3b:sweep cell: L=13 coeff=3156.0 ...
2026-05-25 17:47:37,390 INFO phase1_step3b:     refusal=0.00 (0/10), p50=767, Δ=+0.00, c4_pass=False
INFO:phase1_step3b:    refusal=0.00 (0/10), p50=767, Δ=+0.00, c4_pass=False
2026-05-25 17:47:37,390 INFO phase1_step3b: sweep cell: L=16 coeff=3.2 ...
INFO:phase1_step3b:sweep cell: L=16 coeff=3.2 ...
2026-05-25 17:49:40,556 INFO phase1_step3b:     refusal=0.00 (0/10), p50=413, Δ=+0.00, c4_pass=False
INFO:phase1_step3b:    refusal=0.00 (0/10), p50=413, Δ=+0.00, c4_pass=False
2026-05-25 17:49:40,556 INFO phase1_step3b: sweep cell: L=16 coeff=10.5 ...
INFO:phase1_step3b:sweep cell: L=16 coeff=10.5 ...
2026-05-25 17:51:41,792 INFO phase1_step3b:     refusal=0.00 (0/10), p50=415, Δ=+0.00, c4_pass=False
INFO:phase1_step3b:    refusal=0.00 (0/10), p50=415, Δ=+0.00, c4_pass=False
2026-05-25 17:51:41,792 INFO phase1_step3b: sweep cell: L=16 coeff=31.6 ...
INFO:phase1_step3b:sweep cell: L=16 coeff=31.6 ...
2026-05-25 17:54:00,801 INFO phase1_step3b:     refusal=0.00 (0/10), p50=383, Δ=+0.00, c4_pass=False
INFO:phase1_step3b:    refusal=0.00 (0/10), p50=383, Δ=+0.00, c4_pass=False
2026-05-25 17:54:00,801 INFO phase1_step3b: sweep cell: L=16 coeff=105.2 ...
INFO:phase1_step3b:sweep cell: L=16 coeff=105.2 ...
2026-05-25 17:56:29,218 INFO phase1_step3b:     refusal=0.00 (0/10), p50=404, Δ=+0.00, c4_pass=False
INFO:phase1_step3b:    refusal=0.00 (0/10), p50=404, Δ=+0.00, c4_pass=False
2026-05-25 17:56:29,218 INFO phase1_step3b: sweep cell: L=16 coeff=315.6 ...
INFO:phase1_step3b:sweep cell: L=16 coeff=315.6 ...
2026-05-25 17:59:17,579 INFO phase1_step3b:     refusal=0.80 (8/10), p50=400, Δ=+0.80, c4_pass=True
INFO:phase1_step3b:    refusal=0.80 (8/10), p50=400, Δ=+0.80, c4_pass=True
2026-05-25 17:59:17,579 INFO phase1_step3b: sweep cell: L=16 coeff=1052.0 ...
INFO:phase1_step3b:sweep cell: L=16 coeff=1052.0 ...
2026-05-25 18:01:25,978 INFO phase1_step3b:     refusal=0.00 (0/10), p50=575, Δ=+0.00, c4_pass=False
INFO:phase1_step3b:    refusal=0.00 (0/10), p50=575, Δ=+0.00, c4_pass=False
2026-05-25 18:01:25,978 INFO phase1_step3b: sweep cell: L=16 coeff=3156.0 ...
INFO:phase1_step3b:sweep cell: L=16 coeff=3156.0 ...
2026-05-25 18:03:30,754 INFO phase1_step3b:     refusal=0.00 (0/10), p50=767, Δ=+0.00, c4_pass=False
INFO:phase1_step3b:    refusal=0.00 (0/10), p50=767, Δ=+0.00, c4_pass=False
2026-05-25 18:03:30,754 INFO phase1_step3b: sweep cell: L=20 coeff=3.2 ...
INFO:phase1_step3b:sweep cell: L=20 coeff=3.2 ...
2026-05-25 18:05:36,329 INFO phase1_step3b:     refusal=0.00 (0/10), p50=407, Δ=+0.00, c4_pass=False
INFO:phase1_step3b:    refusal=0.00 (0/10), p50=407, Δ=+0.00, c4_pass=False
2026-05-25 18:05:36,329 INFO phase1_step3b: sweep cell: L=20 coeff=10.5 ...
INFO:phase1_step3b:sweep cell: L=20 coeff=10.5 ...
2026-05-25 18:07:40,883 INFO phase1_step3b:     refusal=0.00 (0/10), p50=406, Δ=+0.00, c4_pass=False
INFO:phase1_step3b:    refusal=0.00 (0/10), p50=406, Δ=+0.00, c4_pass=False
2026-05-25 18:07:40,883 INFO phase1_step3b: sweep cell: L=20 coeff=31.6 ...
INFO:phase1_step3b:sweep cell: L=20 coeff=31.6 ...
2026-05-25 18:09:43,857 INFO phase1_step3b:     refusal=0.00 (0/10), p50=404, Δ=+0.00, c4_pass=False
INFO:phase1_step3b:    refusal=0.00 (0/10), p50=404, Δ=+0.00, c4_pass=False
2026-05-25 18:09:43,857 INFO phase1_step3b: sweep cell: L=20 coeff=105.2 ...
INFO:phase1_step3b:sweep cell: L=20 coeff=105.2 ...
2026-05-25 18:11:39,773 INFO phase1_step3b:     refusal=0.00 (0/10), p50=417, Δ=+0.00, c4_pass=False
INFO:phase1_step3b:    refusal=0.00 (0/10), p50=417, Δ=+0.00, c4_pass=False
2026-05-25 18:11:39,773 INFO phase1_step3b: sweep cell: L=20 coeff=315.6 ...
INFO:phase1_step3b:sweep cell: L=20 coeff=315.6 ...
2026-05-25 18:13:40,962 INFO phase1_step3b:     refusal=0.00 (0/10), p50=393, Δ=+0.00, c4_pass=False
INFO:phase1_step3b:    refusal=0.00 (0/10), p50=393, Δ=+0.00, c4_pass=False
2026-05-25 18:13:40,962 INFO phase1_step3b: sweep cell: L=20 coeff=1052.0 ...
INFO:phase1_step3b:sweep cell: L=20 coeff=1052.0 ...
2026-05-25 18:15:38,825 INFO phase1_step3b:     refusal=0.00 (0/10), p50=767, Δ=+0.00, c4_pass=False
INFO:phase1_step3b:    refusal=0.00 (0/10), p50=767, Δ=+0.00, c4_pass=False
2026-05-25 18:15:38,825 INFO phase1_step3b: sweep cell: L=20 coeff=3156.0 ...
INFO:phase1_step3b:sweep cell: L=20 coeff=3156.0 ...
2026-05-25 18:17:38,864 INFO phase1_step3b:     refusal=0.00 (0/10), p50=767, Δ=+0.00, c4_pass=False
INFO:phase1_step3b:    refusal=0.00 (0/10), p50=767, Δ=+0.00, c4_pass=False
2026-05-25 18:17:38,864 INFO phase1_step3b: sweep cell: L=23 coeff=3.2 ...
INFO:phase1_step3b:sweep cell: L=23 coeff=3.2 ...
2026-05-25 18:19:37,242 INFO phase1_step3b:     refusal=0.00 (0/10), p50=407, Δ=+0.00, c4_pass=False
INFO:phase1_step3b:    refusal=0.00 (0/10), p50=407, Δ=+0.00, c4_pass=False
2026-05-25 18:19:37,242 INFO phase1_step3b: sweep cell: L=23 coeff=10.5 ...
INFO:phase1_step3b:sweep cell: L=23 coeff=10.5 ...
2026-05-25 18:21:35,703 INFO phase1_step3b:     refusal=0.00 (0/10), p50=404, Δ=+0.00, c4_pass=False
INFO:phase1_step3b:    refusal=0.00 (0/10), p50=404, Δ=+0.00, c4_pass=False
2026-05-25 18:21:35,704 INFO phase1_step3b: sweep cell: L=23 coeff=31.6 ...
INFO:phase1_step3b:sweep cell: L=23 coeff=31.6 ...
2026-05-25 18:23:41,389 INFO phase1_step3b:     refusal=0.00 (0/10), p50=398, Δ=+0.00, c4_pass=False
INFO:phase1_step3b:    refusal=0.00 (0/10), p50=398, Δ=+0.00, c4_pass=False
2026-05-25 18:23:41,389 INFO phase1_step3b: sweep cell: L=23 coeff=105.2 ...
INFO:phase1_step3b:sweep cell: L=23 coeff=105.2 ...
2026-05-25 18:25:46,979 INFO phase1_step3b:     refusal=0.00 (0/10), p50=408, Δ=+0.00, c4_pass=False
INFO:phase1_step3b:    refusal=0.00 (0/10), p50=408, Δ=+0.00, c4_pass=False
2026-05-25 18:25:46,979 INFO phase1_step3b: sweep cell: L=23 coeff=315.6 ...
INFO:phase1_step3b:sweep cell: L=23 coeff=315.6 ...
2026-05-25 18:27:48,809 INFO phase1_step3b:     refusal=0.00 (0/10), p50=408, Δ=+0.00, c4_pass=False
INFO:phase1_step3b:    refusal=0.00 (0/10), p50=408, Δ=+0.00, c4_pass=False
2026-05-25 18:27:48,809 INFO phase1_step3b: sweep cell: L=23 coeff=1052.0 ...
INFO:phase1_step3b:sweep cell: L=23 coeff=1052.0 ...
2026-05-25 18:29:51,306 INFO phase1_step3b:     refusal=0.00 (0/10), p50=756, Δ=+0.00, c4_pass=False
INFO:phase1_step3b:    refusal=0.00 (0/10), p50=756, Δ=+0.00, c4_pass=False
2026-05-25 18:29:51,306 INFO phase1_step3b: sweep cell: L=23 coeff=3156.0 ...
INFO:phase1_step3b:sweep cell: L=23 coeff=3156.0 ...
2026-05-25 18:31:49,906 INFO phase1_step3b:     refusal=0.00 (0/10), p50=767, Δ=+0.00, c4_pass=False
INFO:phase1_step3b:    refusal=0.00 (0/10), p50=767, Δ=+0.00, c4_pass=False
2026-05-25 18:31:50,096 INFO phase1_step3b: heatmap figure -> /Users/anshulsinghle/safe_ai/mech-security/artifacts/figures/phase1_step3b_addition_sweep.png
INFO:phase1_step3b:heatmap figure -> /Users/anshulsinghle/safe_ai/mech-security/artifacts/figures/phase1_step3b_addition_sweep.png
2026-05-25 18:31:50,265 INFO phase1_step3b: diagnostic figure -> /Users/anshulsinghle/safe_ai/mech-security/artifacts/figures/phase1_step3b_diagnostic.png
INFO:phase1_step3b:diagnostic figure -> /Users/anshulsinghle/safe_ai/mech-security/artifacts/figures/phase1_step3b_diagnostic.png
Loaded pretrained model gemma-2-2b-it into HookedTransformer
Moving model to device:  mps

phase1_step3b | baseline harmless refusal=0.00 | any C4 cell passes? True
