2026-05-25 18:32:52,229 INFO phase1_step3d: run_dir: /Users/anshulsinghle/safe_ai/mech-security/artifacts/runs/phase1_step3d/20260525-183252 | extract=L13 inject=L3 n_train=100 n_test=50
WARNING:root:float16 models may not work on CPU. Consider using a GPU or bfloat16.
WARNING:root:You tried to specify center_unembed=True for a model using logit softcap, but this can't be done! Softcapping is not invariant upon adding a constant Setting center_unembed=False instead.
Loading weights:   0%|          | 0/288 [00:00<?, ?it/s]Loading weights:   0%|          | 1/288 [00:01<09:01,  1.89s/it]Loading weights:  77%|███████▋  | 223/288 [00:01<00:00, 155.44it/s]Loading weights: 100%|██████████| 288/288 [00:02<00:00, 107.97it/s]
WARNING:root:With reduced precision, it is advised to use `from_pretrained_no_processing` instead of `from_pretrained`.
2026-05-25 18:33:16,880 INFO phase1_step3d: model: gemma-2-2b-it | device=mps
INFO:phase1_step3d:model: gemma-2-2b-it | device=mps
2026-05-25 18:33:16,882 INFO phase1_step3d: split: 100/100 train, 50/50 test (seed=1)
INFO:phase1_step3d:split: 100/100 train, 50/50 test (seed=1)
2026-05-25 18:33:16,882 INFO phase1_step3d: caching residuals at extract L13 ...
INFO:phase1_step3d:caching residuals at extract L13 ...
2026-05-25 18:33:37,062 INFO phase1_step3d: natural scale at extract L13: 109.30 (h_mean=114.53, l_mean=5.23)
INFO:phase1_step3d:natural scale at extract L13: 109.30 (h_mean=114.53, l_mean=5.23)
2026-05-25 18:33:37,062 INFO phase1_step3d: caching residuals at inject L3 ...
INFO:phase1_step3d:caching residuals at inject L3 ...
2026-05-25 18:33:55,872 INFO phase1_step3d: natural scale at inject L3: 0.64 (h_mean=0.77, l_mean=0.13)
INFO:phase1_step3d:natural scale at inject L3: 0.64 (h_mean=0.77, l_mean=0.13)
2026-05-25 18:33:55,875 INFO phase1_step3d: random-direction class separation at inject L3: -0.272 (expected ≈ 0)
INFO:phase1_step3d:random-direction class separation at inject L3: -0.272 (expected ≈ 0)
2026-05-25 18:33:55,875 INFO phase1_step3d: baseline_harmless (no hook) on n=50 ...
INFO:phase1_step3d:baseline_harmless (no hook) on n=50 ...
2026-05-25 18:43:13,190 INFO phase1_step3d: baseline_harmless: refusal=0.00 [0.00, 0.07], p50_chars=415
INFO:phase1_step3d:baseline_harmless: refusal=0.00 [0.00, 0.07], p50_chars=415
2026-05-25 18:43:13,190 INFO phase1_step3d: cell real_at_inject_scale: vector=d_hat coeff=0.64 (=1.0× natural_scale[L3]) layer=L3 ...
INFO:phase1_step3d:cell real_at_inject_scale: vector=d_hat coeff=0.64 (=1.0× natural_scale[L3]) layer=L3 ...
2026-05-25 18:53:00,337 INFO phase1_step3d:     refusal=0.00 [0.00, 0.07] (0/50), Δ=+0.00, p50=417, kept=True
INFO:phase1_step3d:    refusal=0.00 [0.00, 0.07] (0/50), Δ=+0.00, p50=417, kept=True
2026-05-25 18:53:00,337 INFO phase1_step3d: cell rand_at_inject_scale_matched_abs: vector=r_hat coeff=0.64 (=matched absolute coeff = 1.0× natural_scale[d_hat, L3]) layer=L3 ...
INFO:phase1_step3d:cell rand_at_inject_scale_matched_abs: vector=r_hat coeff=0.64 (=matched absolute coeff = 1.0× natural_scale[d_hat, L3]) layer=L3 ...
2026-05-25 19:02:47,775 INFO phase1_step3d:     refusal=0.00 [0.00, 0.07] (0/50), Δ=+0.00, p50=413, kept=True
INFO:phase1_step3d:    refusal=0.00 [0.00, 0.07] (0/50), Δ=+0.00, p50=413, kept=True
2026-05-25 19:02:47,775 INFO phase1_step3d: cell real_at_extract_scale: vector=d_hat coeff=109.30 (=1.0× natural_scale[L13] (Step 3b convention)) layer=L3 ...
INFO:phase1_step3d:cell real_at_extract_scale: vector=d_hat coeff=109.30 (=1.0× natural_scale[L13] (Step 3b convention)) layer=L3 ...
2026-05-25 19:12:29,209 INFO phase1_step3d:     refusal=1.00 [0.93, 1.00] (50/50), Δ=+1.00, p50=409, kept=True
INFO:phase1_step3d:    refusal=1.00 [0.93, 1.00] (50/50), Δ=+1.00, p50=409, kept=True
2026-05-25 19:12:29,210 INFO phase1_step3d: run record -> /Users/anshulsinghle/safe_ai/mech-security/artifacts/runs/phase1_step3d/20260525-183252/result.json
INFO:phase1_step3d:run record -> /Users/anshulsinghle/safe_ai/mech-security/artifacts/runs/phase1_step3d/20260525-183252/result.json
2026-05-25 19:12:29,211 INFO phase1_step3d: summary -> /Users/anshulsinghle/safe_ai/mech-security/results/phase1_step3d.md
INFO:phase1_step3d:summary -> /Users/anshulsinghle/safe_ai/mech-security/results/phase1_step3d.md
Loaded pretrained model gemma-2-2b-it into HookedTransformer
Moving model to device:  mps

phase1_step3d | inject L3 | real: refusal=0.00 [0.0, 0.07135003417431873] | rand: refusal=0.00 [0.0, 0.07135003417431873]
