2026-05-25 23:23:14,877 INFO phase1_step4: run_dir: /Users/anshulsinghle/safe_ai/mech-security/artifacts/runs/phase1_step4/20260525-232314 | data=data/contrastive.jsonl seed=0 shuffle_seed=42 test_size=0.25
WARNING:root:float16 models may not work on CPU. Consider using a GPU or bfloat16.
WARNING:root:You tried to specify center_unembed=True for a model using logit softcap, but this can't be done! Softcapping is not invariant upon adding a constant Setting center_unembed=False instead.
Loading weights:   0%|          | 0/288 [00:00<?, ?it/s]Loading weights:   0%|          | 1/288 [00:05<24:22,  5.10s/it]Loading weights:  77%|███████▋  | 223/288 [00:05<00:01, 60.44it/s]Loading weights: 100%|██████████| 288/288 [00:06<00:00, 47.03it/s]
WARNING:root:With reduced precision, it is advised to use `from_pretrained_no_processing` instead of `from_pretrained`.
2026-05-25 23:23:44,351 INFO phase1_step4: model: gemma-2-2b-it | n_layers=26 d_model=2304 device=mps
INFO:phase1_step4:model: gemma-2-2b-it | n_layers=26 d_model=2304 device=mps
2026-05-25 23:23:44,353 INFO phase1_step4: pairs: 150 harmful, 150 harmless from contrastive.jsonl
INFO:phase1_step4:pairs: 150 harmful, 150 harmless from contrastive.jsonl
2026-05-25 23:23:44,353 INFO phase1_step4: loading cached residuals across all 26 layers...
INFO:phase1_step4:loading cached residuals across all 26 layers...
2026-05-25 23:23:44,368 INFO phase1_step4: shapes: harmful (150, 26, 2304), harmless (150, 26, 2304)
INFO:phase1_step4:shapes: harmful (150, 26, 2304), harmless (150, 26, 2304)
2026-05-25 23:23:44,376 INFO phase1_step4: training real probes across 26 layers...
INFO:phase1_step4:training real probes across 26 layers...
2026-05-25 23:23:44,835 INFO phase1_step4: training shuffled-label control probes across 26 layers...
INFO:phase1_step4:training shuffled-label control probes across 26 layers...
2026-05-25 23:23:48,210 INFO phase1_step4: probe peak: L5, test_acc=1.000 (band L1–L25)
INFO:phase1_step4:probe peak: L5, test_acc=1.000 (band L1–L25)
2026-05-25 23:23:48,210 INFO phase1_step4: at steering-injection layer L13: probe test_acc=1.000, shuffled=0.387
INFO:phase1_step4:at steering-injection layer L13: probe test_acc=1.000, shuffled=0.387
2026-05-25 23:23:48,210 INFO phase1_step4: shuffled-control mean across layers: 0.473 (must be ≈ 0.5)
INFO:phase1_step4:shuffled-control mean across layers: 0.473 (must be ≈ 0.5)
2026-05-25 23:23:48,301 INFO phase1_step4: figure -> /Users/anshulsinghle/safe_ai/mech-security/artifacts/figures/phase1_step4_probe_by_layer.png
INFO:phase1_step4:figure -> /Users/anshulsinghle/safe_ai/mech-security/artifacts/figures/phase1_step4_probe_by_layer.png
2026-05-25 23:23:48,301 INFO phase1_step4: run record -> /Users/anshulsinghle/safe_ai/mech-security/artifacts/runs/phase1_step4/20260525-232314/result.json
INFO:phase1_step4:run record -> /Users/anshulsinghle/safe_ai/mech-security/artifacts/runs/phase1_step4/20260525-232314/result.json
2026-05-25 23:23:48,302 INFO phase1_step4: summary -> /Users/anshulsinghle/safe_ai/mech-security/results/phase1_step4.md
INFO:phase1_step4:summary -> /Users/anshulsinghle/safe_ai/mech-security/results/phase1_step4.md
Loaded pretrained model gemma-2-2b-it into HookedTransformer
Moving model to device:  mps

phase1_step4 | probe peak L5 acc=1.000 | shuffled mean=0.473 | band overlap with steering: 19/19 layers
